================================================================================
重复文件分析报告
================================================================================
生成时间: 2026-03-11 00:20:53

总体统计:
----------------------------------------
总文件数: 76
重复文件组数: 3
重复文件关联数: 6
总文件大小: 336,414 字节 (0.00 GB)

重复文件分析:
----------------------------------------
可删除文件数: 3
可节省空间: 1,586 字节 (0.00 GB)

最大的10个重复文件组:
----------------------------------------

1. 组ID: 3
   文件大小: 1,076 字节 (0.00 MB)
   文件扩展名: 
   文件数量: 2 个
   总大小: 2,152 字节 (0.00 GB)
   可释放空间: 1,076 字节 (0.00 GB)

2. 组ID: 2
   文件大小: 306 字节 (0.00 MB)
   文件扩展名: 
   文件数量: 2 个
   总大小: 612 字节 (0.00 GB)
   可释放空间: 306 字节 (0.00 GB)

3. 组ID: 1
   文件大小: 204 字节 (0.00 MB)
   文件扩展名: 
   文件数量: 2 个
   总大小: 408 字节 (0.00 GB)
   可释放空间: 204 字节 (0.00 GB)

================================================================================